1.电脑连接远程终端
2.上传到终端
电脑连接远程终端
[root@pantao1 ~]# cd /etc
[root@pantao1 etc]# head -3 passwd
root:x:0:0:root:/root:/bin/bash
bin:x:1:1:bin:/bin:/sbin/nologin
daemon:x:2:2:daemon:/sbin:/sbin/nologin
[root@pantao1 etc]# 
[root@pantao1 etc]# ssh-keygen -t rsa -C "3559136748@qq.com"
Generating public/private rsa key pair.
Enter file in which to save the key (/root/.ssh/id_rsa): 
/root/.ssh/id_rsa already exists.
Overwrite (y/n)? y
Enter passphrase (empty for no passphrase): 
Enter same passphrase again: 
Your identification has been saved in /root/.ssh/id_rsa.
Your public key has been saved in /root/.ssh/id_rsa.pub.
The key fingerprint is:
SHA256:67S2WssAeJsGF3oxFdp2IJQ0f1DzQLmzcEVAYsFYEDE 3559136748@qq.com
The key's randomart image is:
+---[RSA 2048]----+
|   oEOX*B+.      |
|    oX.+.+.      |
|    = + oo.      |
|   o =.o+        |
|  + =  oSo       |
|   = +  ..       |
|    + . +        |
|   .   *.o       |
|      .o*.       |
+----[SHA256]-----+
[root@pantao1 etc]# 
[root@pantao1 etc]# cat /root/.ssh/id_rsa.pub 
ssh-rsa AAAAB3NzaC1yc2EAAAADAQABAAABAQDFqBN0ibYkEzoMNj4lUIAeY86C1ozXZwys11V0bF3hFkCoguCAX8hfZNFQLAGRtKRQTrgWyie9yUg3Ca1YFPOA0hVbWNun88YA7Or3ek0BXDiATeYoPp1VtwE87znhKHP6SKluE/VvXF5B5pdSach73U56zNT/sombvz1B36qqMXTdUdBE76Bk6ExF4v8CrpBFQ8VHSFn7lX8RF/1JaA2Ywy+CS/GKa8paTK4cJV3xkbdTFLrni1LA2L2PD8oSsrimOrxfQy2NC5EvDKTAs1Jm1LqUt92DLG2pm2lDvsEFA15wNVUyXenEB80SwT1OEQk8R41KWwube0o+mRvzUdux 3559136748@qq.com
[root@pantao1 etc]# cd /opt/
[root@pantao1 opt]# ls
google  kingsoft  node_tedu.xml  NSD-2018-1-12  pysoft  rh  win2008.xml
[root@pantao1 opt]# mkdir nsd1903
[root@pantao1 opt]# cd nsd1903
[root@pantao1 nsd1903]# vim README.md
[root@pantao1 nsd1903]# git init
初始化空的 Git 版本库于 /opt/nsd1903/.git/
[root@pantao1 nsd1903]# git add .
[root@pantao1 nsd1903]# git commit -m "read me"
[master（根提交） 3c16b22] read me
 1 file changed, 1 insertion(+)
 create mode 100644 README.md
[root@pantao1 nsd1903]# git remote add origin git@github.com:pantao328/nsd201903day02.git
[root@pantao1 nsd1903]# git push -u origin master
sign_and_send_pubkey: signing failed: agent refused operation
Permission denied (publickey).
fatal: Could not read from remote repository.

Please make sure you have the correct access rights
and the repository exists.
[root@pantao1 nsd1903]# ssh-agent 
SSH_AUTH_SOCK=/tmp/ssh-0JUghFUjIrbz/agent.20064; export SSH_AUTH_SOCK;
SSH_AGENT_PID=20065; export SSH_AGENT_PID;
echo Agent pid 20065;
[root@pantao1 nsd1903]# SSH_AUTH_SOCK=/tmp/ssh-0JUghFUjIrbz/agent.20064; export SSH_AUTH_SOCK;
[root@pantao1 nsd1903]# SSH_AGENT_PID=20065; export SSH_AGENT_PID;
[root@pantao1 nsd1903]# echo Agent pid 20065;
Agent pid 20065
[root@pantao1 nsd1903]# git push -u origin master
Warning: Permanently added the RSA host key for IP address '13.250.177.223' to the list of known hosts.
Counting objects: 3, done.
Writing objects: 100% (3/3), 213 bytes | 0 bytes/s, done.
Total 3 (delta 0), reused 0 (delta 0)
To git@github.com:pantao328/nsd201903day02.git
 * [new branch]      master -> master
分支 master 设置为跟踪来自 origin 的远程分支 master。
[root@pantao1 nsd1903]# 


上传到终端
[root@pantao1 ~]# mv ip.txt  /opt/nsd1903/perview/
[root@pantao1 ~]# cd /opt/nsd1903/perview/
[root@pantao1 perview]# ls
ip.txt
[root@pantao1 perview]# cd ..
[root@pantao1 nsd1903]# git add .
[root@pantao1 nsd1903]# git commit -m "急急急"
[master 1ca1546] 急急急
 1 file changed, 1 insertion(+)
 create mode 100644 perview/ip.txt
[root@pantao1 nsd1903]# git push  -u origin master 
sign_and_send_pubkey: signing failed: agent refused operation
Permission denied (publickey).
fatal: Could not read from remote repository.

Please make sure you have the correct access rights
and the repository exists.
[root@pantao1 nsd1903]# ls
perview  README.md
[root@pantao1 nsd1903]# ls -a
.  ..  .git  perview  README.md
[root@pantao1 nsd1903]# ssh-agent 
SSH_AUTH_SOCK=/tmp/ssh-UuEy2ZeSszqx/agent.23761; export SSH_AUTH_SOCK;
SSH_AGENT_PID=23762; export SSH_AGENT_PID;
echo Agent pid 23762;
[root@pantao1 nsd1903]# SSH_AUTH_SOCK=/tmp/ssh-UuEy2ZeSszqx/agent.23761; export SSH_AUTH_SOCK;
[root@pantao1 nsd1903]# SSH_AGENT_PID=23762; export SSH_AGENT_PID;
[root@pantao1 nsd1903]# echo Agent pid 23762;
Agent pid 23762
[root@pantao1 nsd1903]# git push  -u origin master 
Counting objects: 5, done.
Delta compression using up to 4 threads.
Compressing objects: 100% (3/3), done.
Writing objects: 100% (4/4), 370 bytes | 0 bytes/s, done.
Total 4 (delta 0), reused 0 (delta 0)
To git@github.com:pantao328/nsd201903day02.git
   3c16b22..1ca1546  master -> master
分支 master 设置为跟踪来自 origin 的远程分支 master。
[root@pantao1 nsd1903]# cd
[root@pantao1 ~]# cd /etc/yum.repos.d
[root@pantao1 yum.repos.d]# ls
CentOS.repo  repo
[root@pantao1 yum.repos.d]# cp /etc/yum.repos.d/CentOS.repo  /opt/nsd1903/dvd.repo
[root@pantao1 yum.repos.d]# cd /opt/nsd1903/
[root@pantao1 nsd1903]# ls
dvd.repo  perview  README.md
[root@pantao1 nsd1903]# git add .
[root@pantao1 nsd1903]# git commit -m "急急急"
[master 3b9dd07] 急急急
 1 file changed, 5 insertions(+)
 create mode 100644 dvd.repo
[root@pantao1 nsd1903]# git push  -u origin master 
Counting objects: 4, done.
Delta compression using up to 4 threads.
Compressing objects: 100% (3/3), done.
Writing objects: 100% (3/3), 384 bytes | 0 bytes/s, done.
Total 3 (delta 0), reused 0 (delta 0)
To git@github.com:pantao328/nsd201903day02.git
   1ca1546..3b9dd07  master -> master
分支 master 设置为跟踪来自 origin 的远程分支 master。
[root@pantao1 nsd1903]# 

查看本机ip地址，把第二行[带ip]内容
  653  ifconfig  | head -2 | tail -1 > ip.txt
  654  mv ip.txt  /opt/nsd1903/perview/

|与>命令
[root@pantao1 a]# ls
b.txt
[root@pantao1 a]# cat b.txt  | head -2 | tail -1 > ip.txt
[root@pantao1 a]# ls
b.txt  ip.txt
[root@pantao1 a]# cat ip.txt
abc


新建并复制一个文件夹
[root@pantao1 ~]# touch -r  /root/c1/c2/c3
touch: 无法取得"/root/c1/c2/c3" 的属性: 没有那个文件或目录
[root@pantao1 ~]# man touch
[root@pantao1 ~]# mkdir  -r  /root/c1/c2/c3
mkdir：无效选项 -- r
Try 'mkdir --help' for more information.
[root@pantao1 ~]# mkdir  -p  /root/c1/c2/c3
[root@pantao1 ~]# touch  /root/c1/c2/c3/c4.txt
[root@pantao1 ~]# cp /r
root/ run/  
[root@pantao1 ~]# cp /root/c1 /root/
cp: 略过目录"/root/c1"
[root@pantao1 ~]# ls
a                a.txt  c1             original-ks.cfg  公共  视频  文档  音乐
anaconda-ks.cfg  bin    debian-binary  PycharmProjects  模板  图片  下载  桌面
[root@pantao1 ~]# cp /root/c2  /root/
cp: 无法获取"/root/c2" 的文件状态(stat): 没有那个文件或目录
[root@pantao1 ~]# cp /root/c1/c2  /root/
cp: 略过目录"/root/c1/c2"
[root@pantao1 ~]# ls
a                a.txt  c1             original-ks.cfg  公共  视频  文档  音乐
anaconda-ks.cfg  bin    debian-binary  PycharmProjects  模板  图片  下载  桌面
[root@pantao1 ~]# cp -r  /root/c1/c2  /root/
[root@pantao1 ~]# ls
a                bin  debian-binary    公共  图片  音乐
anaconda-ks.cfg  c1   original-ks.cfg  模板  文档  桌面
a.txt            c2   PycharmProjects  视频  下载


重命名
[root@pantao1 a]# mv a.txt b.txt 
mv：是否覆盖"b.txt"？ n
[root@pantao1 a]# cat a.txt 
a
[root@pantao1 a]# cat b.txt 
b
[root@pantao1 a]# mv a.txt b.txt 
mv：是否覆盖"b.txt"？ y
[root@pantao1 a]# ls
b.txt
[root@pantao1 a]# cat b.txt 
a
[root@pantao1 a]# 

echo 与>
[root@pantao1 a]# abc > b.txt 
bash: abc: 未找到命令...
[root@pantao1 a]# echo abc > b.txt


新建其他目录的文件与目录
[root@pantao1 ~]# mkdir /root/a/a
mkdir: 无法创建目录"/root/a/a": 没有那个文件或目录
[root@pantao1 ~]# mkdir -p /root/a/a
[root@pantao1 ~]# touch /root/b/b.txt
touch: 无法创建"/root/b/b.txt": 没有那个文件或目录
[root@pantao1 ~]# touch -p /root/b/b.txt
touch：无效选项 -- p
Try 'touch --help' for more information.



